
> seasoned-frontend@0.0.0 test
> jest AppClipping

  console.log
    Clipper worker health: { status: 'healthy' }

      at log (src/App.jsx:558:17)

  console.log
    Clipper worker health: { status: 'healthy' }

      at log (src/App.jsx:558:17)

  console.warn
    Clipper worker health check failed: 503

      559 |         setClipperStatus('available');
      560 |       } else {
    > 561 |         console.warn('Clipper worker health check failed:', res.status);
          |                 ^
      562 |         setClipperStatus('unavailable');
      563 |       }
      564 |     } catch (e) {

      at warn (src/App.jsx:561:17)

  console.warn
    Clipper worker health check failed: 503

      559 |         setClipperStatus('available');
      560 |       } else {
    > 561 |         console.warn('Clipper worker health check failed:', res.status);
          |                 ^
      562 |         setClipperStatus('unavailable');
      563 |       }
      564 |     } catch (e) {

      at warn (src/App.jsx:561:17)

  console.log
    Initializing custom seasoning background...

      at log (src/App.jsx:364:15)

  console.log
    Canvas dimensions: 1024 x 768

      at log (src/App.jsx:365:15)

  console.log
    Created 100 seasoning particles

      at log (src/App.jsx:407:15)

  console.log
    Sample particle: {
      x: 45.0391174461065,
      y: 619.826342815646,
      size: 2.9081927069016498,
      opacity: 0.9844361420200192,
      speed: 0.16748278774251063,
      color: 'rgba(220, 53, 69, ',
      type: 'pepper',
      rotation: 1.0788870755739144,
      rotationSpeed: 0.0016881725942225279,
      twinkle: 3.1649186325467813,
      twinkleSpeed: 0.014441492431129244
    }

      at log (src/App.jsx:408:15)

  console.log
    Custom seasoning background initialized successfully

      at log (src/App.jsx:508:15)

  console.log
    Clipper worker health: []

      at log (src/App.jsx:558:17)

  console.log
    Initializing custom seasoning background...

      at log (src/App.jsx:364:15)

  console.log
    Canvas dimensions: 1024 x 768

      at log (src/App.jsx:365:15)

  console.log
    Created 100 seasoning particles

      at log (src/App.jsx:407:15)

  console.log
    Sample particle: {
      x: 513.0864323901767,
      y: 375.2089479041822,
      size: 4.179485581352649,
      opacity: 1.0927354816242207,
      speed: 0.27142189404365574,
      color: 'rgba(220, 53, 69, ',
      type: 'pepper',
      rotation: 5.6854396992153795,
      rotationSpeed: -0.0009726946124831759,
      twinkle: 3.6130977720286377,
      twinkleSpeed: 0.008747679885890248
    }

      at log (src/App.jsx:408:15)

  console.log
    Custom seasoning background initialized successfully

      at log (src/App.jsx:508:15)

  console.log
    Recipe clipped successfully: { status: 'healthy' }

      at log (src/App.jsx:684:17)

  console.log
    Clipper worker health: []

      at log (src/App.jsx:558:17)

  console.log
    Recipe clipped successfully: { status: 'healthy' }

      at log (src/App.jsx:684:17)

  console.log
    Initializing custom seasoning background...

      at log (src/App.jsx:364:15)

  console.log
    Canvas dimensions: 1024 x 768

      at log (src/App.jsx:365:15)

  console.log
    Created 100 seasoning particles

      at log (src/App.jsx:407:15)

  console.log
    Sample particle: {
      x: 944.7087816403553,
      y: 481.5649502571546,
      size: 4.6529951153508335,
      opacity: 0.8190398729543911,
      speed: 0.1648103792595606,
      color: 'rgba(220, 53, 69, ',
      type: 'pepper',
      rotation: 4.455166509508067,
      rotationSpeed: -0.0032672531775578984,
      twinkle: 5.1440751397442,
      twinkleSpeed: 0.007408849867381065
    }

      at log (src/App.jsx:408:15)

  console.log
    Custom seasoning background initialized successfully

      at log (src/App.jsx:508:15)

  console.log
    Clipper worker health: []

      at log (src/App.jsx:558:17)

  console.log
    Recipe clipped successfully: { status: 'healthy' }

      at log (src/App.jsx:684:17)

  console.log
    Initializing custom seasoning background...

      at log (src/App.jsx:364:15)

  console.log
    Canvas dimensions: 1024 x 768

      at log (src/App.jsx:365:15)

  console.log
    Created 100 seasoning particles

      at log (src/App.jsx:407:15)

  console.log
    Sample particle: {
      x: 290.3012220458579,
      y: 85.58858463573262,
      size: 4.2564415384943945,
      opacity: 0.5722300540800693,
      speed: 0.19135947818069857,
      color: 'rgba(220, 53, 69, ',
      type: 'pepper',
      rotation: 0.042016044029284605,
      rotationSpeed: -0.003007111132432563,
      twinkle: 1.1932823132979264,
      twinkleSpeed: 0.006246994095569596
    }

      at log (src/App.jsx:408:15)

  console.log
    Custom seasoning background initialized successfully

      at log (src/App.jsx:508:15)

  console.log
    Clipper worker health: []

      at log (src/App.jsx:558:17)

  console.log
    Recipe clipped successfully: { status: 'healthy' }

      at log (src/App.jsx:684:17)

  console.log
    Initializing custom seasoning background...

      at log (src/App.jsx:364:15)

  console.log
    Canvas dimensions: 1024 x 768

      at log (src/App.jsx:365:15)

  console.log
    Created 100 seasoning particles

      at log (src/App.jsx:407:15)

  console.log
    Sample particle: {
      x: 189.93493605078515,
      y: 153.88964464145442,
      size: 2.3450328166977714,
      opacity: 0.4836139824031829,
      speed: 0.13673527599864366,
      color: 'rgba(139, 69, 19, ',
      type: 'circle',
      rotation: 2.1736667319886753,
      rotationSpeed: -0.006826950618704801,
      twinkle: 4.155475943570577,
      twinkleSpeed: 0.009526451761822739
    }

      at log (src/App.jsx:408:15)

  console.log
    Custom seasoning background initialized successfully

      at log (src/App.jsx:508:15)

  console.error
    Error fetching recipes: TypeError: Failed to fetch
        at Object.<anonymous> (/workspace/frontend/src/__tests__/AppClipping.test.jsx:178:30)
        at Promise.finally.completed (/workspace/frontend/node_modules/jest-circus/build/jestAdapterInit.js:1559:28)
        at new Promise (<anonymous>)
        at callAsyncCircusFn (/workspace/frontend/node_modules/jest-circus/build/jestAdapterInit.js:1499:10)
        at _callCircusTest (/workspace/frontend/node_modules/jest-circus/build/jestAdapterInit.js:1009:40)
        at _runTest (/workspace/frontend/node_modules/jest-circus/build/jestAdapterInit.js:949:3)
        at _runTestsForDescribeBlock (/workspace/frontend/node_modules/jest-circus/build/jestAdapterInit.js:839:13)
        at _runTestsForDescribeBlock (/workspace/frontend/node_modules/jest-circus/build/jestAdapterInit.js:829:11)
        at run (/workspace/frontend/node_modules/jest-circus/build/jestAdapterInit.js:757:3)
        at runAndTransformResultsToJestFormat (/workspace/frontend/node_modules/jest-circus/build/jestAdapterInit.js:1920:21)
        at jestAdapter (/workspace/frontend/node_modules/jest-circus/build/runner.js:101:19)
        at runTestInternal (/workspace/frontend/node_modules/jest-runner/build/index.js:275:16)
        at runTest (/workspace/frontend/node_modules/jest-runner/build/index.js:343:7)

      547 |       }
      548 |     } catch (e) {
    > 549 |       console.error('Error fetching recipes:', e);
          |               ^
      550 |     }
      551 |   }
      552 |

      at error (src/App.jsx:549:15)

  console.log
    Clipper worker health: []

      at log (src/App.jsx:558:17)

  console.log
    Recipe clipped successfully: []

      at log (src/App.jsx:684:17)

  console.log
    Clipper worker health: {
      name: 'Original Name',
      description: 'Original description',
      ingredients: [ 'ingredient 1' ],
      instructions: [ 'step 1' ],
      source_url: 'https://example.com/recipe'
    }

      at log (src/App.jsx:558:17)

  console.log
    Clipper worker health: { name: 'Test Recipe' }

      at log (src/App.jsx:558:17)

  console.log
    Recipe clipped successfully: []

      at log (src/App.jsx:684:17)

  console.log
    Initializing custom seasoning background...

      at log (src/App.jsx:364:15)

  console.log
    Canvas dimensions: 1024 x 768

      at log (src/App.jsx:365:15)

  console.log
    Created 100 seasoning particles

      at log (src/App.jsx:407:15)

  console.log
    Sample particle: {
      x: 644.6203877434652,
      y: 485.2948176942187,
      size: 1.679606176389591,
      opacity: 0.9661367683805524,
      speed: 0.21954679320881795,
      color: 'rgba(139, 69, 19, ',
      type: 'circle',
      rotation: 4.078424916635275,
      rotationSpeed: 0.0034748401058028212,
      twinkle: 2.9838940747878318,
      twinkleSpeed: 0.01212948964637291
    }

      at log (src/App.jsx:408:15)

  console.log
    Custom seasoning background initialized successfully

      at log (src/App.jsx:508:15)

  console.log
    Clipper worker health: {
      name: 'Test Recipe',
      ingredients: [ 'ingredient 1' ],
      instructions: [ 'step 1' ],
      source_url: 'https://example.com/recipe'
    }

      at log (src/App.jsx:558:17)

  console.log
    Recipe clipped successfully: []

      at log (src/App.jsx:684:17)

  console.log
    Initializing custom seasoning background...

      at log (src/App.jsx:364:15)

  console.log
    Canvas dimensions: 1024 x 768

      at log (src/App.jsx:365:15)

  console.log
    Created 100 seasoning particles

      at log (src/App.jsx:407:15)

  console.log
    Sample particle: {
      x: 683.7499795150791,
      y: 433.57699470887195,
      size: 5.1038946974038835,
      opacity: 0.9141495700668356,
      speed: 0.18568206370613077,
      color: 'rgba(34, 139, 34, ',
      type: 'leaf',
      rotation: 3.8326706280019476,
      rotationSpeed: 0.006696436742309215,
      twinkle: 5.519283594107255,
      twinkleSpeed: 0.006375472649824845
    }

      at log (src/App.jsx:408:15)

  console.log
    Custom seasoning background initialized successfully

      at log (src/App.jsx:508:15)

  console.log
    Clipper worker health: {
      name: 'Test Recipe',
      ingredients: [ 'ingredient 1', 'ingredient 2' ],
      instructions: [ 'step 1' ],
      source_url: 'https://example.com/recipe'
    }

      at log (src/App.jsx:558:17)

  console.log
    Recipe clipped successfully: []

      at log (src/App.jsx:684:17)

  console.log
    Initializing custom seasoning background...

      at log (src/App.jsx:364:15)

  console.log
    Canvas dimensions: 1024 x 768

      at log (src/App.jsx:365:15)

  console.log
    Created 100 seasoning particles

      at log (src/App.jsx:407:15)

  console.log
    Sample particle: {
      x: 122.06950852988507,
      y: 181.14209904733252,
      size: 3.7511151972213623,
      opacity: 0.583279273011674,
      speed: 0.2862725861991622,
      color: 'rgba(139, 69, 19, ',
      type: 'circle',
      rotation: 4.23919193154018,
      rotationSpeed: -0.006009324921718573,
      twinkle: 5.880730645712784,
      twinkleSpeed: 0.008375387838569098
    }

      at log (src/App.jsx:408:15)

  console.log
    Custom seasoning background initialized successfully

      at log (src/App.jsx:508:15)

  console.log
    Clipper worker health: {
      name: 'Original Name',
      ingredients: [ 'ingredient 1' ],
      instructions: [ 'step 1' ],
      source_url: 'https://example.com/recipe'
    }

      at log (src/App.jsx:558:17)

  console.log
    Recipe clipped successfully: []

      at log (src/App.jsx:684:17)

  console.error
    Error saving recipe: TypeError: recipes.filter is not a function
        at filter (/workspace/frontend/src/App.jsx:843:32)
        at checkForDuplicates (/workspace/frontend/src/App.jsx:1269:46)
        at HTMLUnknownElement.callCallback (/workspace/frontend/node_modules/react-dom/cjs/react-dom.development.js:4164:14)
        at HTMLUnknownElement.callTheUserObjectsOperation (/workspace/frontend/node_modules/jsdom/lib/jsdom/living/generated/EventListener.js:26:30)
        at innerInvokeEventListeners (/workspace/frontend/node_modules/jsdom/lib/jsdom/living/events/EventTarget-impl.js:350:25)
        at invokeEventListeners (/workspace/frontend/node_modules/jsdom/lib/jsdom/living/events/EventTarget-impl.js:286:3)
        at HTMLUnknownElementImpl._dispatch (/workspace/frontend/node_modules/jsdom/lib/jsdom/living/events/EventTarget-impl.js:233:9)
        at HTMLUnknownElementImpl.dispatchEvent (/workspace/frontend/node_modules/jsdom/lib/jsdom/living/events/EventTarget-impl.js:104:17)
        at HTMLUnknownElement.dispatchEvent (/workspace/frontend/node_modules/jsdom/lib/jsdom/living/generated/EventTarget.js:241:34)
        at Object.invokeGuardedCallbackDev (/workspace/frontend/node_modules/react-dom/cjs/react-dom.development.js:4213:16)
        at invokeGuardedCallback (/workspace/frontend/node_modules/react-dom/cjs/react-dom.development.js:4277:31)
        at invokeGuardedCallbackAndCatchFirstError (/workspace/frontend/node_modules/react-dom/cjs/react-dom.development.js:4291:25)
        at executeDispatch (/workspace/frontend/node_modules/react-dom/cjs/react-dom.development.js:9041:3)
        at processDispatchQueueItemsInOrder (/workspace/frontend/node_modules/react-dom/cjs/react-dom.development.js:9073:7)
        at processDispatchQueue (/workspace/frontend/node_modules/react-dom/cjs/react-dom.development.js:9086:5)
        at dispatchEventsForPlugins (/workspace/frontend/node_modules/react-dom/cjs/react-dom.development.js:9097:3)
        at /workspace/frontend/node_modules/react-dom/cjs/react-dom.development.js:9288:12
        at batchedUpdates$1 (/workspace/frontend/node_modules/react-dom/cjs/react-dom.development.js:26179:12)
        at batchedUpdates (/workspace/frontend/node_modules/react-dom/cjs/react-dom.development.js:3991:12)
        at dispatchEventForPluginEventSystem (/workspace/frontend/node_modules/react-dom/cjs/react-dom.development.js:9287:3)
        at dispatchEventWithEnableCapturePhaseSelectiveHydrationWithoutDiscreteEventReplay (/workspace/frontend/node_modules/react-dom/cjs/react-dom.development.js:6465:5)
        at dispatchEvent (/workspace/frontend/node_modules/react-dom/cjs/react-dom.development.js:6457:5)
        at dispatchDiscreteEvent (/workspace/frontend/node_modules/react-dom/cjs/react-dom.development.js:6430:5)
        at HTMLDivElement.callTheUserObjectsOperation (/workspace/frontend/node_modules/jsdom/lib/jsdom/living/generated/EventListener.js:26:30)
        at innerInvokeEventListeners (/workspace/frontend/node_modules/jsdom/lib/jsdom/living/events/EventTarget-impl.js:350:25)
        at invokeEventListeners (/workspace/frontend/node_modules/jsdom/lib/jsdom/living/events/EventTarget-impl.js:286:3)
        at HTMLButtonElementImpl._dispatch (/workspace/frontend/node_modules/jsdom/lib/jsdom/living/events/EventTarget-impl.js:233:9)
        at HTMLButtonElementImpl.dispatchEvent (/workspace/frontend/node_modules/jsdom/lib/jsdom/living/events/EventTarget-impl.js:104:17)
        at HTMLButtonElement.dispatchEvent (/workspace/frontend/node_modules/jsdom/lib/jsdom/living/generated/EventTarget.js:241:34)
        at /workspace/frontend/node_modules/@testing-library/dom/dist/events.js:19:20
        at /workspace/frontend/node_modules/@testing-library/react/dist/pure.js:108:16
        at /workspace/frontend/node_modules/@testing-library/react/dist/act-compat.js:48:24
        at act (/workspace/frontend/node_modules/react/cjs/react.development.js:2512:16)
        at /workspace/frontend/node_modules/@testing-library/react/dist/act-compat.js:47:25
        at Object.eventWrapper (/workspace/frontend/node_modules/@testing-library/react/dist/pure.js:107:28)
        at fireEvent (/workspace/frontend/node_modules/@testing-library/dom/dist/events.js:12:35)
        at Function.fireEvent.<computed> [as click] (/workspace/frontend/node_modules/@testing-library/dom/dist/events.js:110:36)
        at Function.fireEvent.<computed> [as click] (/workspace/frontend/node_modules/@testing-library/react/dist/fire-event.js:15:52)
        at click (/workspace/frontend/src/__tests__/AppClipping.test.jsx:430:17)
        at runWithExpensiveErrorDiagnosticsDisabled (/workspace/frontend/node_modules/@testing-library/dom/dist/config.js:47:12)
        at checkCallback (/workspace/frontend/node_modules/@testing-library/dom/dist/wait-for.js:124:77)
        at /workspace/frontend/node_modules/@testing-library/dom/dist/wait-for.js:97:7
        at new Promise (<anonymous>)
        at waitFor (/workspace/frontend/node_modules/@testing-library/dom/dist/wait-for.js:36:10)
        at /workspace/frontend/node_modules/@testing-library/dom/dist/wait-for.js:164:54
        at Object.asyncWrapper (/workspace/frontend/node_modules/@testing-library/react/dist/pure.js:88:28)
        at waitForWrapper (/workspace/frontend/node_modules/@testing-library/dom/dist/wait-for.js:164:35)
        at Object.<anonymous> (/workspace/frontend/src/__tests__/AppClipping.test.jsx:429:18)

      1278 |                           }
      1279 |                         } catch (error) {
    > 1280 |                           console.error('Error saving recipe:', error);
           |                                   ^
      1281 |                           alert('Failed to save recipe. Please try again.');
      1282 |                         } finally {
      1283 |                           setIsSavingRecipe(false);

      at error (src/App.jsx:1280:35)
      at HTMLUnknownElement.callCallback (node_modules/react-dom/cjs/react-dom.development.js:4164:14)
      at HTMLUnknownElement.callTheUserObjectsOperation (node_modules/jsdom/lib/jsdom/living/generated/EventListener.js:26:30)
      at innerInvokeEventListeners (node_modules/jsdom/lib/jsdom/living/events/EventTarget-impl.js:350:25)
      at invokeEventListeners (node_modules/jsdom/lib/jsdom/living/events/EventTarget-impl.js:286:3)
      at HTMLUnknownElementImpl._dispatch (node_modules/jsdom/lib/jsdom/living/events/EventTarget-impl.js:233:9)
      at HTMLUnknownElementImpl.dispatchEvent (node_modules/jsdom/lib/jsdom/living/events/EventTarget-impl.js:104:17)
      at HTMLUnknownElement.dispatchEvent (node_modules/jsdom/lib/jsdom/living/generated/EventTarget.js:241:34)
      at Object.invokeGuardedCallbackDev (node_modules/react-dom/cjs/react-dom.development.js:4213:16)
      at invokeGuardedCallback (node_modules/react-dom/cjs/react-dom.development.js:4277:31)
      at invokeGuardedCallbackAndCatchFirstError (node_modules/react-dom/cjs/react-dom.development.js:4291:25)
      at executeDispatch (node_modules/react-dom/cjs/react-dom.development.js:9041:3)
      at processDispatchQueueItemsInOrder (node_modules/react-dom/cjs/react-dom.development.js:9073:7)
      at processDispatchQueue (node_modules/react-dom/cjs/react-dom.development.js:9086:5)
      at dispatchEventsForPlugins (node_modules/react-dom/cjs/react-dom.development.js:9097:3)
      at node_modules/react-dom/cjs/react-dom.development.js:9288:12
      at batchedUpdates$1 (node_modules/react-dom/cjs/react-dom.development.js:26179:12)
      at batchedUpdates (node_modules/react-dom/cjs/react-dom.development.js:3991:12)
      at dispatchEventForPluginEventSystem (node_modules/react-dom/cjs/react-dom.development.js:9287:3)
      at dispatchEventWithEnableCapturePhaseSelectiveHydrationWithoutDiscreteEventReplay (node_modules/react-dom/cjs/react-dom.development.js:6465:5)
      at dispatchEvent (node_modules/react-dom/cjs/react-dom.development.js:6457:5)
      at dispatchDiscreteEvent (node_modules/react-dom/cjs/react-dom.development.js:6430:5)
      at HTMLDivElement.callTheUserObjectsOperation (node_modules/jsdom/lib/jsdom/living/generated/EventListener.js:26:30)
      at innerInvokeEventListeners (node_modules/jsdom/lib/jsdom/living/events/EventTarget-impl.js:350:25)
      at invokeEventListeners (node_modules/jsdom/lib/jsdom/living/events/EventTarget-impl.js:286:3)
      at HTMLButtonElementImpl._dispatch (node_modules/jsdom/lib/jsdom/living/events/EventTarget-impl.js:233:9)
      at HTMLButtonElementImpl.dispatchEvent (node_modules/jsdom/lib/jsdom/living/events/EventTarget-impl.js:104:17)
      at HTMLButtonElement.dispatchEvent (node_modules/jsdom/lib/jsdom/living/generated/EventTarget.js:241:34)
      at node_modules/@testing-library/dom/dist/events.js:19:20
      at node_modules/@testing-library/react/dist/pure.js:108:16
      at node_modules/@testing-library/react/dist/act-compat.js:48:24
      at act (node_modules/react/cjs/react.development.js:2512:16)
      at node_modules/@testing-library/react/dist/act-compat.js:47:25
      at Object.eventWrapper (node_modules/@testing-library/react/dist/pure.js:107:28)
      at fireEvent (node_modules/@testing-library/dom/dist/events.js:12:35)
      at Function.fireEvent.<computed> [as click] (node_modules/@testing-library/dom/dist/events.js:110:36)
      at Function.fireEvent.<computed> [as click] (node_modules/@testing-library/react/dist/fire-event.js:15:52)
      at click (src/__tests__/AppClipping.test.jsx:430:17)
      at runWithExpensiveErrorDiagnosticsDisabled (node_modules/@testing-library/dom/dist/config.js:47:12)
      at checkCallback (node_modules/@testing-library/dom/dist/wait-for.js:124:77)
      at node_modules/@testing-library/dom/dist/wait-for.js:97:7
      at waitFor (node_modules/@testing-library/dom/dist/wait-for.js:36:10)
      at node_modules/@testing-library/dom/dist/wait-for.js:164:54
      at Object.asyncWrapper (node_modules/@testing-library/react/dist/pure.js:88:28)
      at waitForWrapper (node_modules/@testing-library/dom/dist/wait-for.js:164:35)
      at Object.<anonymous> (src/__tests__/AppClipping.test.jsx:429:18)

  console.log
    Initializing custom seasoning background...

      at log (src/App.jsx:364:15)

  console.log
    Canvas dimensions: 1024 x 768

      at log (src/App.jsx:365:15)

  console.log
    Created 100 seasoning particles

      at log (src/App.jsx:407:15)

  console.log
    Sample particle: {
      x: 34.391696739297686,
      y: 753.972821462153,
      size: 2.9725032989416382,
      opacity: 1.0288959603600458,
      speed: 0.2822658057444547,
      color: 'rgba(34, 139, 34, ',
      type: 'leaf',
      rotation: 0.20304949561016605,
      rotationSpeed: -0.0073841029363920715,
      twinkle: 3.6100408205093073,
      twinkleSpeed: 0.011607566006911428
    }

      at log (src/App.jsx:408:15)

  console.log
    Custom seasoning background initialized successfully

      at log (src/App.jsx:508:15)

  console.log
    Clipper worker health: {
      name: 'Recipe to Save',
      ingredients: [ 'ingredient 1' ],
      instructions: [ 'step 1' ],
      source_url: 'https://example.com/recipe'
    }

      at log (src/App.jsx:558:17)

  console.log
    Recipe clipped successfully: { id: 1 }

      at log (src/App.jsx:684:17)

  console.error
    Error saving recipe: TypeError: recipes.filter is not a function
        at filter (/workspace/frontend/src/App.jsx:843:32)
        at checkForDuplicates (/workspace/frontend/src/App.jsx:1269:46)
        at HTMLUnknownElement.callCallback (/workspace/frontend/node_modules/react-dom/cjs/react-dom.development.js:4164:14)
        at HTMLUnknownElement.callTheUserObjectsOperation (/workspace/frontend/node_modules/jsdom/lib/jsdom/living/generated/EventListener.js:26:30)
        at innerInvokeEventListeners (/workspace/frontend/node_modules/jsdom/lib/jsdom/living/events/EventTarget-impl.js:350:25)
        at invokeEventListeners (/workspace/frontend/node_modules/jsdom/lib/jsdom/living/events/EventTarget-impl.js:286:3)
        at HTMLUnknownElementImpl._dispatch (/workspace/frontend/node_modules/jsdom/lib/jsdom/living/events/EventTarget-impl.js:233:9)
        at HTMLUnknownElementImpl.dispatchEvent (/workspace/frontend/node_modules/jsdom/lib/jsdom/living/events/EventTarget-impl.js:104:17)
        at HTMLUnknownElement.dispatchEvent (/workspace/frontend/node_modules/jsdom/lib/jsdom/living/generated/EventTarget.js:241:34)
        at Object.invokeGuardedCallbackDev (/workspace/frontend/node_modules/react-dom/cjs/react-dom.development.js:4213:16)
        at invokeGuardedCallback (/workspace/frontend/node_modules/react-dom/cjs/react-dom.development.js:4277:31)
        at invokeGuardedCallbackAndCatchFirstError (/workspace/frontend/node_modules/react-dom/cjs/react-dom.development.js:4291:25)
        at executeDispatch (/workspace/frontend/node_modules/react-dom/cjs/react-dom.development.js:9041:3)
        at processDispatchQueueItemsInOrder (/workspace/frontend/node_modules/react-dom/cjs/react-dom.development.js:9073:7)
        at processDispatchQueue (/workspace/frontend/node_modules/react-dom/cjs/react-dom.development.js:9086:5)
        at dispatchEventsForPlugins (/workspace/frontend/node_modules/react-dom/cjs/react-dom.development.js:9097:3)
        at /workspace/frontend/node_modules/react-dom/cjs/react-dom.development.js:9288:12
        at batchedUpdates$1 (/workspace/frontend/node_modules/react-dom/cjs/react-dom.development.js:26179:12)
        at batchedUpdates (/workspace/frontend/node_modules/react-dom/cjs/react-dom.development.js:3991:12)
        at dispatchEventForPluginEventSystem (/workspace/frontend/node_modules/react-dom/cjs/react-dom.development.js:9287:3)
        at dispatchEventWithEnableCapturePhaseSelectiveHydrationWithoutDiscreteEventReplay (/workspace/frontend/node_modules/react-dom/cjs/react-dom.development.js:6465:5)
        at dispatchEvent (/workspace/frontend/node_modules/react-dom/cjs/react-dom.development.js:6457:5)
        at dispatchDiscreteEvent (/workspace/frontend/node_modules/react-dom/cjs/react-dom.development.js:6430:5)
        at HTMLDivElement.callTheUserObjectsOperation (/workspace/frontend/node_modules/jsdom/lib/jsdom/living/generated/EventListener.js:26:30)
        at innerInvokeEventListeners (/workspace/frontend/node_modules/jsdom/lib/jsdom/living/events/EventTarget-impl.js:350:25)
        at invokeEventListeners (/workspace/frontend/node_modules/jsdom/lib/jsdom/living/events/EventTarget-impl.js:286:3)
        at HTMLButtonElementImpl._dispatch (/workspace/frontend/node_modules/jsdom/lib/jsdom/living/events/EventTarget-impl.js:233:9)
        at HTMLButtonElementImpl.dispatchEvent (/workspace/frontend/node_modules/jsdom/lib/jsdom/living/events/EventTarget-impl.js:104:17)
        at HTMLButtonElement.dispatchEvent (/workspace/frontend/node_modules/jsdom/lib/jsdom/living/generated/EventTarget.js:241:34)
        at /workspace/frontend/node_modules/@testing-library/dom/dist/events.js:19:20
        at /workspace/frontend/node_modules/@testing-library/react/dist/pure.js:108:16
        at /workspace/frontend/node_modules/@testing-library/react/dist/act-compat.js:48:24
        at act (/workspace/frontend/node_modules/react/cjs/react.development.js:2512:16)
        at /workspace/frontend/node_modules/@testing-library/react/dist/act-compat.js:47:25
        at Object.eventWrapper (/workspace/frontend/node_modules/@testing-library/react/dist/pure.js:107:28)
        at fireEvent (/workspace/frontend/node_modules/@testing-library/dom/dist/events.js:12:35)
        at Function.fireEvent.<computed> [as click] (/workspace/frontend/node_modules/@testing-library/dom/dist/events.js:110:36)
        at Function.fireEvent.<computed> [as click] (/workspace/frontend/node_modules/@testing-library/react/dist/fire-event.js:15:52)
        at click (/workspace/frontend/src/__tests__/AppClipping.test.jsx:472:17)
        at runWithExpensiveErrorDiagnosticsDisabled (/workspace/frontend/node_modules/@testing-library/dom/dist/config.js:47:12)
        at checkCallback (/workspace/frontend/node_modules/@testing-library/dom/dist/wait-for.js:124:77)
        at /workspace/frontend/node_modules/@testing-library/dom/dist/wait-for.js:97:7
        at new Promise (<anonymous>)
        at waitFor (/workspace/frontend/node_modules/@testing-library/dom/dist/wait-for.js:36:10)
        at /workspace/frontend/node_modules/@testing-library/dom/dist/wait-for.js:164:54
        at Object.asyncWrapper (/workspace/frontend/node_modules/@testing-library/react/dist/pure.js:88:28)
        at waitForWrapper (/workspace/frontend/node_modules/@testing-library/dom/dist/wait-for.js:164:35)
        at Object.<anonymous> (/workspace/frontend/src/__tests__/AppClipping.test.jsx:471:18)

      1278 |                           }
      1279 |                         } catch (error) {
    > 1280 |                           console.error('Error saving recipe:', error);
           |                                   ^
      1281 |                           alert('Failed to save recipe. Please try again.');
      1282 |                         } finally {
      1283 |                           setIsSavingRecipe(false);

      at error (src/App.jsx:1280:35)
      at HTMLUnknownElement.callCallback (node_modules/react-dom/cjs/react-dom.development.js:4164:14)
      at HTMLUnknownElement.callTheUserObjectsOperation (node_modules/jsdom/lib/jsdom/living/generated/EventListener.js:26:30)
      at innerInvokeEventListeners (node_modules/jsdom/lib/jsdom/living/events/EventTarget-impl.js:350:25)
      at invokeEventListeners (node_modules/jsdom/lib/jsdom/living/events/EventTarget-impl.js:286:3)
      at HTMLUnknownElementImpl._dispatch (node_modules/jsdom/lib/jsdom/living/events/EventTarget-impl.js:233:9)
      at HTMLUnknownElementImpl.dispatchEvent (node_modules/jsdom/lib/jsdom/living/events/EventTarget-impl.js:104:17)
      at HTMLUnknownElement.dispatchEvent (node_modules/jsdom/lib/jsdom/living/generated/EventTarget.js:241:34)
      at Object.invokeGuardedCallbackDev (node_modules/react-dom/cjs/react-dom.development.js:4213:16)
      at invokeGuardedCallback (node_modules/react-dom/cjs/react-dom.development.js:4277:31)
      at invokeGuardedCallbackAndCatchFirstError (node_modules/react-dom/cjs/react-dom.development.js:4291:25)
      at executeDispatch (node_modules/react-dom/cjs/react-dom.development.js:9041:3)
      at processDispatchQueueItemsInOrder (node_modules/react-dom/cjs/react-dom.development.js:9073:7)
      at processDispatchQueue (node_modules/react-dom/cjs/react-dom.development.js:9086:5)
      at dispatchEventsForPlugins (node_modules/react-dom/cjs/react-dom.development.js:9097:3)
      at node_modules/react-dom/cjs/react-dom.development.js:9288:12
      at batchedUpdates$1 (node_modules/react-dom/cjs/react-dom.development.js:26179:12)
      at batchedUpdates (node_modules/react-dom/cjs/react-dom.development.js:3991:12)
      at dispatchEventForPluginEventSystem (node_modules/react-dom/cjs/react-dom.development.js:9287:3)
      at dispatchEventWithEnableCapturePhaseSelectiveHydrationWithoutDiscreteEventReplay (node_modules/react-dom/cjs/react-dom.development.js:6465:5)
      at dispatchEvent (node_modules/react-dom/cjs/react-dom.development.js:6457:5)
      at dispatchDiscreteEvent (node_modules/react-dom/cjs/react-dom.development.js:6430:5)
      at HTMLDivElement.callTheUserObjectsOperation (node_modules/jsdom/lib/jsdom/living/generated/EventListener.js:26:30)
      at innerInvokeEventListeners (node_modules/jsdom/lib/jsdom/living/events/EventTarget-impl.js:350:25)
      at invokeEventListeners (node_modules/jsdom/lib/jsdom/living/events/EventTarget-impl.js:286:3)
      at HTMLButtonElementImpl._dispatch (node_modules/jsdom/lib/jsdom/living/events/EventTarget-impl.js:233:9)
      at HTMLButtonElementImpl.dispatchEvent (node_modules/jsdom/lib/jsdom/living/events/EventTarget-impl.js:104:17)
      at HTMLButtonElement.dispatchEvent (node_modules/jsdom/lib/jsdom/living/generated/EventTarget.js:241:34)
      at node_modules/@testing-library/dom/dist/events.js:19:20
      at node_modules/@testing-library/react/dist/pure.js:108:16
      at node_modules/@testing-library/react/dist/act-compat.js:48:24
      at act (node_modules/react/cjs/react.development.js:2512:16)
      at node_modules/@testing-library/react/dist/act-compat.js:47:25
      at Object.eventWrapper (node_modules/@testing-library/react/dist/pure.js:107:28)
      at fireEvent (node_modules/@testing-library/dom/dist/events.js:12:35)
      at Function.fireEvent.<computed> [as click] (node_modules/@testing-library/dom/dist/events.js:110:36)
      at Function.fireEvent.<computed> [as click] (node_modules/@testing-library/react/dist/fire-event.js:15:52)
      at click (src/__tests__/AppClipping.test.jsx:472:17)
      at runWithExpensiveErrorDiagnosticsDisabled (node_modules/@testing-library/dom/dist/config.js:47:12)
      at checkCallback (node_modules/@testing-library/dom/dist/wait-for.js:124:77)
      at node_modules/@testing-library/dom/dist/wait-for.js:97:7
      at waitFor (node_modules/@testing-library/dom/dist/wait-for.js:36:10)
      at node_modules/@testing-library/dom/dist/wait-for.js:164:54
      at Object.asyncWrapper (node_modules/@testing-library/react/dist/pure.js:88:28)
      at waitForWrapper (node_modules/@testing-library/dom/dist/wait-for.js:164:35)
      at Object.<anonymous> (src/__tests__/AppClipping.test.jsx:471:18)

  console.log
    Clipper worker health: [
      {
        id: 1,
        name: 'Duplicate Recipe',
        source_url: 'https://example.com/recipe'
      }
    ]

      at log (src/App.jsx:558:17)

  console.log
    Recipe clipped successfully: { status: 'healthy' }

      at log (src/App.jsx:684:17)

  console.error
    Error saving recipe: TypeError: Cannot read properties of undefined (reading 'toLowerCase')
        at toLowerCase (/workspace/frontend/src/App.jsx:845:60)
        at Array.filter (<anonymous>)
        at filter (/workspace/frontend/src/App.jsx:843:32)
        at checkForDuplicates (/workspace/frontend/src/App.jsx:1269:46)
        at HTMLUnknownElement.callCallback (/workspace/frontend/node_modules/react-dom/cjs/react-dom.development.js:4164:14)
        at HTMLUnknownElement.callTheUserObjectsOperation (/workspace/frontend/node_modules/jsdom/lib/jsdom/living/generated/EventListener.js:26:30)
        at innerInvokeEventListeners (/workspace/frontend/node_modules/jsdom/lib/jsdom/living/events/EventTarget-impl.js:350:25)
        at invokeEventListeners (/workspace/frontend/node_modules/jsdom/lib/jsdom/living/events/EventTarget-impl.js:286:3)
        at HTMLUnknownElementImpl._dispatch (/workspace/frontend/node_modules/jsdom/lib/jsdom/living/events/EventTarget-impl.js:233:9)
        at HTMLUnknownElementImpl.dispatchEvent (/workspace/frontend/node_modules/jsdom/lib/jsdom/living/events/EventTarget-impl.js:104:17)
        at HTMLUnknownElement.dispatchEvent (/workspace/frontend/node_modules/jsdom/lib/jsdom/living/generated/EventTarget.js:241:34)
        at Object.invokeGuardedCallbackDev (/workspace/frontend/node_modules/react-dom/cjs/react-dom.development.js:4213:16)
        at invokeGuardedCallback (/workspace/frontend/node_modules/react-dom/cjs/react-dom.development.js:4277:31)
        at invokeGuardedCallbackAndCatchFirstError (/workspace/frontend/node_modules/react-dom/cjs/react-dom.development.js:4291:25)
        at executeDispatch (/workspace/frontend/node_modules/react-dom/cjs/react-dom.development.js:9041:3)
        at processDispatchQueueItemsInOrder (/workspace/frontend/node_modules/react-dom/cjs/react-dom.development.js:9073:7)
        at processDispatchQueue (/workspace/frontend/node_modules/react-dom/cjs/react-dom.development.js:9086:5)
        at dispatchEventsForPlugins (/workspace/frontend/node_modules/react-dom/cjs/react-dom.development.js:9097:3)
        at /workspace/frontend/node_modules/react-dom/cjs/react-dom.development.js:9288:12
        at batchedUpdates$1 (/workspace/frontend/node_modules/react-dom/cjs/react-dom.development.js:26179:12)
        at batchedUpdates (/workspace/frontend/node_modules/react-dom/cjs/react-dom.development.js:3991:12)
        at dispatchEventForPluginEventSystem (/workspace/frontend/node_modules/react-dom/cjs/react-dom.development.js:9287:3)
        at dispatchEventWithEnableCapturePhaseSelectiveHydrationWithoutDiscreteEventReplay (/workspace/frontend/node_modules/react-dom/cjs/react-dom.development.js:6465:5)
        at dispatchEvent (/workspace/frontend/node_modules/react-dom/cjs/react-dom.development.js:6457:5)
        at dispatchDiscreteEvent (/workspace/frontend/node_modules/react-dom/cjs/react-dom.development.js:6430:5)
        at HTMLDivElement.callTheUserObjectsOperation (/workspace/frontend/node_modules/jsdom/lib/jsdom/living/generated/EventListener.js:26:30)
        at innerInvokeEventListeners (/workspace/frontend/node_modules/jsdom/lib/jsdom/living/events/EventTarget-impl.js:350:25)
        at invokeEventListeners (/workspace/frontend/node_modules/jsdom/lib/jsdom/living/events/EventTarget-impl.js:286:3)
        at HTMLButtonElementImpl._dispatch (/workspace/frontend/node_modules/jsdom/lib/jsdom/living/events/EventTarget-impl.js:233:9)
        at HTMLButtonElementImpl.dispatchEvent (/workspace/frontend/node_modules/jsdom/lib/jsdom/living/events/EventTarget-impl.js:104:17)
        at HTMLButtonElement.dispatchEvent (/workspace/frontend/node_modules/jsdom/lib/jsdom/living/generated/EventTarget.js:241:34)
        at /workspace/frontend/node_modules/@testing-library/dom/dist/events.js:19:20
        at /workspace/frontend/node_modules/@testing-library/react/dist/pure.js:108:16
        at /workspace/frontend/node_modules/@testing-library/react/dist/act-compat.js:48:24
        at act (/workspace/frontend/node_modules/react/cjs/react.development.js:2512:16)
        at /workspace/frontend/node_modules/@testing-library/react/dist/act-compat.js:47:25
        at Object.eventWrapper (/workspace/frontend/node_modules/@testing-library/react/dist/pure.js:107:28)
        at fireEvent (/workspace/frontend/node_modules/@testing-library/dom/dist/events.js:12:35)
        at Function.fireEvent.<computed> [as click] (/workspace/frontend/node_modules/@testing-library/dom/dist/events.js:110:36)
        at Function.fireEvent.<computed> [as click] (/workspace/frontend/node_modules/@testing-library/react/dist/fire-event.js:15:52)
        at click (/workspace/frontend/src/__tests__/AppClipping.test.jsx:513:17)
        at runWithExpensiveErrorDiagnosticsDisabled (/workspace/frontend/node_modules/@testing-library/dom/dist/config.js:47:12)
        at checkCallback (/workspace/frontend/node_modules/@testing-library/dom/dist/wait-for.js:124:77)
        at /workspace/frontend/node_modules/@testing-library/dom/dist/wait-for.js:97:7
        at new Promise (<anonymous>)
        at waitFor (/workspace/frontend/node_modules/@testing-library/dom/dist/wait-for.js:36:10)
        at /workspace/frontend/node_modules/@testing-library/dom/dist/wait-for.js:164:54
        at Object.asyncWrapper (/workspace/frontend/node_modules/@testing-library/react/dist/pure.js:88:28)
        at waitForWrapper (/workspace/frontend/node_modules/@testing-library/dom/dist/wait-for.js:164:35)
        at Object.<anonymous> (/workspace/frontend/src/__tests__/AppClipping.test.jsx:512:18)

      1278 |                           }
      1279 |                         } catch (error) {
    > 1280 |                           console.error('Error saving recipe:', error);
           |                                   ^
      1281 |                           alert('Failed to save recipe. Please try again.');
      1282 |                         } finally {
      1283 |                           setIsSavingRecipe(false);

      at error (src/App.jsx:1280:35)
      at HTMLUnknownElement.callCallback (node_modules/react-dom/cjs/react-dom.development.js:4164:14)
      at HTMLUnknownElement.callTheUserObjectsOperation (node_modules/jsdom/lib/jsdom/living/generated/EventListener.js:26:30)
      at innerInvokeEventListeners (node_modules/jsdom/lib/jsdom/living/events/EventTarget-impl.js:350:25)
      at invokeEventListeners (node_modules/jsdom/lib/jsdom/living/events/EventTarget-impl.js:286:3)
      at HTMLUnknownElementImpl._dispatch (node_modules/jsdom/lib/jsdom/living/events/EventTarget-impl.js:233:9)
      at HTMLUnknownElementImpl.dispatchEvent (node_modules/jsdom/lib/jsdom/living/events/EventTarget-impl.js:104:17)
      at HTMLUnknownElement.dispatchEvent (node_modules/jsdom/lib/jsdom/living/generated/EventTarget.js:241:34)
      at Object.invokeGuardedCallbackDev (node_modules/react-dom/cjs/react-dom.development.js:4213:16)
      at invokeGuardedCallback (node_modules/react-dom/cjs/react-dom.development.js:4277:31)
      at invokeGuardedCallbackAndCatchFirstError (node_modules/react-dom/cjs/react-dom.development.js:4291:25)
      at executeDispatch (node_modules/react-dom/cjs/react-dom.development.js:9041:3)
      at processDispatchQueueItemsInOrder (node_modules/react-dom/cjs/react-dom.development.js:9073:7)
      at processDispatchQueue (node_modules/react-dom/cjs/react-dom.development.js:9086:5)
      at dispatchEventsForPlugins (node_modules/react-dom/cjs/react-dom.development.js:9097:3)
      at node_modules/react-dom/cjs/react-dom.development.js:9288:12
      at batchedUpdates$1 (node_modules/react-dom/cjs/react-dom.development.js:26179:12)
      at batchedUpdates (node_modules/react-dom/cjs/react-dom.development.js:3991:12)
      at dispatchEventForPluginEventSystem (node_modules/react-dom/cjs/react-dom.development.js:9287:3)
      at dispatchEventWithEnableCapturePhaseSelectiveHydrationWithoutDiscreteEventReplay (node_modules/react-dom/cjs/react-dom.development.js:6465:5)
      at dispatchEvent (node_modules/react-dom/cjs/react-dom.development.js:6457:5)
      at dispatchDiscreteEvent (node_modules/react-dom/cjs/react-dom.development.js:6430:5)
      at HTMLDivElement.callTheUserObjectsOperation (node_modules/jsdom/lib/jsdom/living/generated/EventListener.js:26:30)
      at innerInvokeEventListeners (node_modules/jsdom/lib/jsdom/living/events/EventTarget-impl.js:350:25)
      at invokeEventListeners (node_modules/jsdom/lib/jsdom/living/events/EventTarget-impl.js:286:3)
      at HTMLButtonElementImpl._dispatch (node_modules/jsdom/lib/jsdom/living/events/EventTarget-impl.js:233:9)
      at HTMLButtonElementImpl.dispatchEvent (node_modules/jsdom/lib/jsdom/living/events/EventTarget-impl.js:104:17)
      at HTMLButtonElement.dispatchEvent (node_modules/jsdom/lib/jsdom/living/generated/EventTarget.js:241:34)
      at node_modules/@testing-library/dom/dist/events.js:19:20
      at node_modules/@testing-library/react/dist/pure.js:108:16
      at node_modules/@testing-library/react/dist/act-compat.js:48:24
      at act (node_modules/react/cjs/react.development.js:2512:16)
      at node_modules/@testing-library/react/dist/act-compat.js:47:25
      at Object.eventWrapper (node_modules/@testing-library/react/dist/pure.js:107:28)
      at fireEvent (node_modules/@testing-library/dom/dist/events.js:12:35)
      at Function.fireEvent.<computed> [as click] (node_modules/@testing-library/dom/dist/events.js:110:36)
      at Function.fireEvent.<computed> [as click] (node_modules/@testing-library/react/dist/fire-event.js:15:52)
      at click (src/__tests__/AppClipping.test.jsx:513:17)
      at runWithExpensiveErrorDiagnosticsDisabled (node_modules/@testing-library/dom/dist/config.js:47:12)
      at checkCallback (node_modules/@testing-library/dom/dist/wait-for.js:124:77)
      at node_modules/@testing-library/dom/dist/wait-for.js:97:7
      at waitFor (node_modules/@testing-library/dom/dist/wait-for.js:36:10)
      at node_modules/@testing-library/dom/dist/wait-for.js:164:54
      at Object.asyncWrapper (node_modules/@testing-library/react/dist/pure.js:88:28)
      at waitForWrapper (node_modules/@testing-library/dom/dist/wait-for.js:164:35)
      at Object.<anonymous> (src/__tests__/AppClipping.test.jsx:512:18)

  console.log
    Initializing custom seasoning background...

      at log (src/App.jsx:364:15)

  console.log
    Canvas dimensions: 1024 x 768

      at log (src/App.jsx:365:15)

  console.log
    Created 100 seasoning particles

      at log (src/App.jsx:407:15)

  console.log
    Sample particle: {
      x: 476.25370619207933,
      y: 652.3945503115751,
      size: 3.0153319074229454,
      opacity: 0.7912540627016125,
      speed: 0.19278092854906165,
      color: 'rgba(139, 69, 19, ',
      type: 'circle',
      rotation: 2.6084635529861657,
      rotationSpeed: -0.00539877617380804,
      twinkle: 4.502373607342351,
      twinkleSpeed: 0.0064646394966041635
    }

      at log (src/App.jsx:408:15)

  console.log
    Custom seasoning background initialized successfully

      at log (src/App.jsx:508:15)

  console.log
    Clipper worker health: [
      {
        id: 1,
        name: 'Duplicate Recipe',
        source_url: 'https://example.com/recipe'
      }
    ]

      at log (src/App.jsx:558:17)

  console.log
    Recipe clipped successfully: { status: 'healthy' }

      at log (src/App.jsx:684:17)

  console.error
    Error saving recipe: TypeError: recipes.filter is not a function
        at filter (/workspace/frontend/src/App.jsx:843:32)
        at checkForDuplicates (/workspace/frontend/src/App.jsx:1269:46)
        at HTMLUnknownElement.callCallback (/workspace/frontend/node_modules/react-dom/cjs/react-dom.development.js:4164:14)
        at HTMLUnknownElement.callTheUserObjectsOperation (/workspace/frontend/node_modules/jsdom/lib/jsdom/living/generated/EventListener.js:26:30)
        at innerInvokeEventListeners (/workspace/frontend/node_modules/jsdom/lib/jsdom/living/events/EventTarget-impl.js:350:25)
        at invokeEventListeners (/workspace/frontend/node_modules/jsdom/lib/jsdom/living/events/EventTarget-impl.js:286:3)
        at HTMLUnknownElementImpl._dispatch (/workspace/frontend/node_modules/jsdom/lib/jsdom/living/events/EventTarget-impl.js:233:9)
        at HTMLUnknownElementImpl.dispatchEvent (/workspace/frontend/node_modules/jsdom/lib/jsdom/living/events/EventTarget-impl.js:104:17)
        at HTMLUnknownElement.dispatchEvent (/workspace/frontend/node_modules/jsdom/lib/jsdom/living/generated/EventTarget.js:241:34)
        at Object.invokeGuardedCallbackDev (/workspace/frontend/node_modules/react-dom/cjs/react-dom.development.js:4213:16)
        at invokeGuardedCallback (/workspace/frontend/node_modules/react-dom/cjs/react-dom.development.js:4277:31)
        at invokeGuardedCallbackAndCatchFirstError (/workspace/frontend/node_modules/react-dom/cjs/react-dom.development.js:4291:25)
        at executeDispatch (/workspace/frontend/node_modules/react-dom/cjs/react-dom.development.js:9041:3)
        at processDispatchQueueItemsInOrder (/workspace/frontend/node_modules/react-dom/cjs/react-dom.development.js:9073:7)
        at processDispatchQueue (/workspace/frontend/node_modules/react-dom/cjs/react-dom.development.js:9086:5)
        at dispatchEventsForPlugins (/workspace/frontend/node_modules/react-dom/cjs/react-dom.development.js:9097:3)
        at /workspace/frontend/node_modules/react-dom/cjs/react-dom.development.js:9288:12
        at batchedUpdates$1 (/workspace/frontend/node_modules/react-dom/cjs/react-dom.development.js:26179:12)
        at batchedUpdates (/workspace/frontend/node_modules/react-dom/cjs/react-dom.development.js:3991:12)
        at dispatchEventForPluginEventSystem (/workspace/frontend/node_modules/react-dom/cjs/react-dom.development.js:9287:3)
        at dispatchEventWithEnableCapturePhaseSelectiveHydrationWithoutDiscreteEventReplay (/workspace/frontend/node_modules/react-dom/cjs/react-dom.development.js:6465:5)
        at dispatchEvent (/workspace/frontend/node_modules/react-dom/cjs/react-dom.development.js:6457:5)
        at dispatchDiscreteEvent (/workspace/frontend/node_modules/react-dom/cjs/react-dom.development.js:6430:5)
        at HTMLDivElement.callTheUserObjectsOperation (/workspace/frontend/node_modules/jsdom/lib/jsdom/living/generated/EventListener.js:26:30)
        at innerInvokeEventListeners (/workspace/frontend/node_modules/jsdom/lib/jsdom/living/events/EventTarget-impl.js:350:25)
        at invokeEventListeners (/workspace/frontend/node_modules/jsdom/lib/jsdom/living/events/EventTarget-impl.js:286:3)
        at HTMLButtonElementImpl._dispatch (/workspace/frontend/node_modules/jsdom/lib/jsdom/living/events/EventTarget-impl.js:233:9)
        at HTMLButtonElementImpl.dispatchEvent (/workspace/frontend/node_modules/jsdom/lib/jsdom/living/events/EventTarget-impl.js:104:17)
        at HTMLButtonElement.dispatchEvent (/workspace/frontend/node_modules/jsdom/lib/jsdom/living/generated/EventTarget.js:241:34)
        at /workspace/frontend/node_modules/@testing-library/dom/dist/events.js:19:20
        at /workspace/frontend/node_modules/@testing-library/react/dist/pure.js:108:16
        at /workspace/frontend/node_modules/@testing-library/react/dist/act-compat.js:48:24
        at act (/workspace/frontend/node_modules/react/cjs/react.development.js:2512:16)
        at /workspace/frontend/node_modules/@testing-library/react/dist/act-compat.js:47:25
        at Object.eventWrapper (/workspace/frontend/node_modules/@testing-library/react/dist/pure.js:107:28)
        at fireEvent (/workspace/frontend/node_modules/@testing-library/dom/dist/events.js:12:35)
        at Function.fireEvent.<computed> [as click] (/workspace/frontend/node_modules/@testing-library/dom/dist/events.js:110:36)
        at Function.fireEvent.<computed> [as click] (/workspace/frontend/node_modules/@testing-library/react/dist/fire-event.js:15:52)
        at click (/workspace/frontend/src/__tests__/AppClipping.test.jsx:551:17)
        at runWithExpensiveErrorDiagnosticsDisabled (/workspace/frontend/node_modules/@testing-library/dom/dist/config.js:47:12)
        at checkCallback (/workspace/frontend/node_modules/@testing-library/dom/dist/wait-for.js:124:77)
        at /workspace/frontend/node_modules/@testing-library/dom/dist/wait-for.js:97:7
        at new Promise (<anonymous>)
        at waitFor (/workspace/frontend/node_modules/@testing-library/dom/dist/wait-for.js:36:10)
        at /workspace/frontend/node_modules/@testing-library/dom/dist/wait-for.js:164:54
        at Object.asyncWrapper (/workspace/frontend/node_modules/@testing-library/react/dist/pure.js:88:28)
        at waitForWrapper (/workspace/frontend/node_modules/@testing-library/dom/dist/wait-for.js:164:35)
        at Object.<anonymous> (/workspace/frontend/src/__tests__/AppClipping.test.jsx:550:18)

      1278 |                           }
      1279 |                         } catch (error) {
    > 1280 |                           console.error('Error saving recipe:', error);
           |                                   ^
      1281 |                           alert('Failed to save recipe. Please try again.');
      1282 |                         } finally {
      1283 |                           setIsSavingRecipe(false);

      at error (src/App.jsx:1280:35)
      at HTMLUnknownElement.callCallback (node_modules/react-dom/cjs/react-dom.development.js:4164:14)
      at HTMLUnknownElement.callTheUserObjectsOperation (node_modules/jsdom/lib/jsdom/living/generated/EventListener.js:26:30)
      at innerInvokeEventListeners (node_modules/jsdom/lib/jsdom/living/events/EventTarget-impl.js:350:25)
      at invokeEventListeners (node_modules/jsdom/lib/jsdom/living/events/EventTarget-impl.js:286:3)
      at HTMLUnknownElementImpl._dispatch (node_modules/jsdom/lib/jsdom/living/events/EventTarget-impl.js:233:9)
      at HTMLUnknownElementImpl.dispatchEvent (node_modules/jsdom/lib/jsdom/living/events/EventTarget-impl.js:104:17)
      at HTMLUnknownElement.dispatchEvent (node_modules/jsdom/lib/jsdom/living/generated/EventTarget.js:241:34)
      at Object.invokeGuardedCallbackDev (node_modules/react-dom/cjs/react-dom.development.js:4213:16)
      at invokeGuardedCallback (node_modules/react-dom/cjs/react-dom.development.js:4277:31)
      at invokeGuardedCallbackAndCatchFirstError (node_modules/react-dom/cjs/react-dom.development.js:4291:25)
      at executeDispatch (node_modules/react-dom/cjs/react-dom.development.js:9041:3)
      at processDispatchQueueItemsInOrder (node_modules/react-dom/cjs/react-dom.development.js:9073:7)
      at processDispatchQueue (node_modules/react-dom/cjs/react-dom.development.js:9086:5)
      at dispatchEventsForPlugins (node_modules/react-dom/cjs/react-dom.development.js:9097:3)
      at node_modules/react-dom/cjs/react-dom.development.js:9288:12
      at batchedUpdates$1 (node_modules/react-dom/cjs/react-dom.development.js:26179:12)
      at batchedUpdates (node_modules/react-dom/cjs/react-dom.development.js:3991:12)
      at dispatchEventForPluginEventSystem (node_modules/react-dom/cjs/react-dom.development.js:9287:3)
      at dispatchEventWithEnableCapturePhaseSelectiveHydrationWithoutDiscreteEventReplay (node_modules/react-dom/cjs/react-dom.development.js:6465:5)
      at dispatchEvent (node_modules/react-dom/cjs/react-dom.development.js:6457:5)
      at dispatchDiscreteEvent (node_modules/react-dom/cjs/react-dom.development.js:6430:5)
      at HTMLDivElement.callTheUserObjectsOperation (node_modules/jsdom/lib/jsdom/living/generated/EventListener.js:26:30)
      at innerInvokeEventListeners (node_modules/jsdom/lib/jsdom/living/events/EventTarget-impl.js:350:25)
      at invokeEventListeners (node_modules/jsdom/lib/jsdom/living/events/EventTarget-impl.js:286:3)
      at HTMLButtonElementImpl._dispatch (node_modules/jsdom/lib/jsdom/living/events/EventTarget-impl.js:233:9)
      at HTMLButtonElementImpl.dispatchEvent (node_modules/jsdom/lib/jsdom/living/events/EventTarget-impl.js:104:17)
      at HTMLButtonElement.dispatchEvent (node_modules/jsdom/lib/jsdom/living/generated/EventTarget.js:241:34)
      at node_modules/@testing-library/dom/dist/events.js:19:20
      at node_modules/@testing-library/react/dist/pure.js:108:16
      at node_modules/@testing-library/react/dist/act-compat.js:48:24
      at act (node_modules/react/cjs/react.development.js:2512:16)
      at node_modules/@testing-library/react/dist/act-compat.js:47:25
      at Object.eventWrapper (node_modules/@testing-library/react/dist/pure.js:107:28)
      at fireEvent (node_modules/@testing-library/dom/dist/events.js:12:35)
      at Function.fireEvent.<computed> [as click] (node_modules/@testing-library/dom/dist/events.js:110:36)
      at Function.fireEvent.<computed> [as click] (node_modules/@testing-library/react/dist/fire-event.js:15:52)
      at click (src/__tests__/AppClipping.test.jsx:551:17)
      at runWithExpensiveErrorDiagnosticsDisabled (node_modules/@testing-library/dom/dist/config.js:47:12)
      at checkCallback (node_modules/@testing-library/dom/dist/wait-for.js:124:77)
      at node_modules/@testing-library/dom/dist/wait-for.js:97:7
      at waitFor (node_modules/@testing-library/dom/dist/wait-for.js:36:10)
      at node_modules/@testing-library/dom/dist/wait-for.js:164:54
      at Object.asyncWrapper (node_modules/@testing-library/react/dist/pure.js:88:28)
      at waitForWrapper (node_modules/@testing-library/dom/dist/wait-for.js:164:35)
      at Object.<anonymous> (src/__tests__/AppClipping.test.jsx:550:18)

  console.log
    Initializing custom seasoning background...

      at log (src/App.jsx:364:15)

  console.log
    Canvas dimensions: 1024 x 768

      at log (src/App.jsx:365:15)

  console.log
    Created 100 seasoning particles

      at log (src/App.jsx:407:15)

  console.log
    Sample particle: {
      x: 828.1155262385046,
      y: 711.0808542468635,
      size: 1.5670504711172226,
      opacity: 0.8285698455378374,
      speed: 0.11143673160154882,
      color: 'rgba(139, 69, 19, ',
      type: 'circle',
      rotation: 5.8778925241323465,
      rotationSpeed: 0.00425836048865679,
      twinkle: 5.588373448877966,
      twinkleSpeed: 0.01253778885014294
    }

      at log (src/App.jsx:408:15)

  console.log
    Custom seasoning background initialized successfully

      at log (src/App.jsx:508:15)

  console.log
    Clipper worker health: { id: 2 }

      at log (src/App.jsx:558:17)

  console.log
    Recipe clipped successfully: [
      {
        id: 1,
        name: 'Duplicate Recipe',
        source_url: 'https://example.com/recipe'
      },
      {
        name: 'Duplicate Recipe',
        ingredients: [ 'ingredient 1' ],
        instructions: [ 'step 1' ],
        source_url: 'https://example.com/recipe',
        id: 2
      }
    ]

      at log (src/App.jsx:684:17)

  console.log
    Initializing custom seasoning background...

      at log (src/App.jsx:364:15)

  console.log
    Canvas dimensions: 1024 x 768

      at log (src/App.jsx:365:15)

  console.log
    Created 100 seasoning particles

      at log (src/App.jsx:407:15)

  console.log
    Sample particle: {
      x: 505.21853107654465,
      y: 498.3055441569087,
      size: 4.050138185630328,
      opacity: 0.9829870234619127,
      speed: 0.11324981268328722,
      color: 'rgba(34, 139, 34, ',
      type: 'leaf',
      rotation: 5.554020240688646,
      rotationSpeed: 0.002795611186590361,
      twinkle: 5.231465893680725,
      twinkleSpeed: 0.0116130922718224
    }

      at log (src/App.jsx:408:15)

  console.log
    Custom seasoning background initialized successfully

      at log (src/App.jsx:508:15)

  console.log
    Clipper worker health: { status: 'healthy' }

      at log (src/App.jsx:558:17)

  console.log
    Recipe clipped successfully: {
      name: 'Recipe',
      ingredients: [ 'ingredient 1' ],
      instructions: [ 'step 1' ],
      source_url: 'https://example.com/recipe'
    }

      at log (src/App.jsx:684:17)

  console.error
    Failed to save recipe: 400 Recipe already exists

      821 |       } else {
      822 |         const errorText = await res.text();
    > 823 |         console.error('Failed to save recipe:', res.status, errorText);
          |                 ^
      824 |         
      825 |         // Handle duplicate errors from backend
      826 |         if (errorText.includes('already exists')) {

      at error (src/App.jsx:823:17)
      at onClick (src/App.jsx:1277:29)

  console.log
    Initializing custom seasoning background...

      at log (src/App.jsx:364:15)

  console.log
    Canvas dimensions: 1024 x 768

      at log (src/App.jsx:365:15)

  console.log
    Created 100 seasoning particles

      at log (src/App.jsx:407:15)

  console.log
    Sample particle: {
      x: 875.7108398159444,
      y: 568.7277118672382,
      size: 3.499609512376054,
      opacity: 0.4735246006297594,
      speed: 0.19427282686787095,
      color: 'rgba(34, 139, 34, ',
      type: 'leaf',
      rotation: 1.1027961578150656,
      rotationSpeed: 0.00812130856989944,
      twinkle: 2.91474606290667,
      twinkleSpeed: 0.006354930045161209
    }

      at log (src/App.jsx:408:15)

  console.log
    Custom seasoning background initialized successfully

      at log (src/App.jsx:508:15)

  console.log
    Clipper worker health: { status: 'healthy' }

      at log (src/App.jsx:558:17)

  console.log
    Recipe clipped successfully: {
      name: 'Test Recipe',
      ingredients: [ 'ingredient 1' ],
      instructions: [ 'step 1' ],
      source_url: 'https://example.com/original-recipe'
    }

      at log (src/App.jsx:684:17)

  console.log
    Recipe saved successfully: undefined

      at log (src/App.jsx:813:17)

  console.log
    Clipper worker health: []

      at log (src/App.jsx:558:17)

  console.log
    Recipe clipped successfully: { status: 'healthy' }

      at log (src/App.jsx:684:17)

  console.error
    Error saving recipe: TypeError: recipes.filter is not a function
        at filter (/workspace/frontend/src/App.jsx:843:32)
        at checkForDuplicates (/workspace/frontend/src/App.jsx:1269:46)
        at HTMLUnknownElement.callCallback (/workspace/frontend/node_modules/react-dom/cjs/react-dom.development.js:4164:14)
        at HTMLUnknownElement.callTheUserObjectsOperation (/workspace/frontend/node_modules/jsdom/lib/jsdom/living/generated/EventListener.js:26:30)
        at innerInvokeEventListeners (/workspace/frontend/node_modules/jsdom/lib/jsdom/living/events/EventTarget-impl.js:350:25)
        at invokeEventListeners (/workspace/frontend/node_modules/jsdom/lib/jsdom/living/events/EventTarget-impl.js:286:3)
        at HTMLUnknownElementImpl._dispatch (/workspace/frontend/node_modules/jsdom/lib/jsdom/living/events/EventTarget-impl.js:233:9)
        at HTMLUnknownElementImpl.dispatchEvent (/workspace/frontend/node_modules/jsdom/lib/jsdom/living/events/EventTarget-impl.js:104:17)
        at HTMLUnknownElement.dispatchEvent (/workspace/frontend/node_modules/jsdom/lib/jsdom/living/generated/EventTarget.js:241:34)
        at Object.invokeGuardedCallbackDev (/workspace/frontend/node_modules/react-dom/cjs/react-dom.development.js:4213:16)
        at invokeGuardedCallback (/workspace/frontend/node_modules/react-dom/cjs/react-dom.development.js:4277:31)
        at invokeGuardedCallbackAndCatchFirstError (/workspace/frontend/node_modules/react-dom/cjs/react-dom.development.js:4291:25)
        at executeDispatch (/workspace/frontend/node_modules/react-dom/cjs/react-dom.development.js:9041:3)
        at processDispatchQueueItemsInOrder (/workspace/frontend/node_modules/react-dom/cjs/react-dom.development.js:9073:7)
        at processDispatchQueue (/workspace/frontend/node_modules/react-dom/cjs/react-dom.development.js:9086:5)
        at dispatchEventsForPlugins (/workspace/frontend/node_modules/react-dom/cjs/react-dom.development.js:9097:3)
        at /workspace/frontend/node_modules/react-dom/cjs/react-dom.development.js:9288:12
        at batchedUpdates$1 (/workspace/frontend/node_modules/react-dom/cjs/react-dom.development.js:26179:12)
        at batchedUpdates (/workspace/frontend/node_modules/react-dom/cjs/react-dom.development.js:3991:12)
        at dispatchEventForPluginEventSystem (/workspace/frontend/node_modules/react-dom/cjs/react-dom.development.js:9287:3)
        at dispatchEventWithEnableCapturePhaseSelectiveHydrationWithoutDiscreteEventReplay (/workspace/frontend/node_modules/react-dom/cjs/react-dom.development.js:6465:5)
        at dispatchEvent (/workspace/frontend/node_modules/react-dom/cjs/react-dom.development.js:6457:5)
        at dispatchDiscreteEvent (/workspace/frontend/node_modules/react-dom/cjs/react-dom.development.js:6430:5)
        at HTMLDivElement.callTheUserObjectsOperation (/workspace/frontend/node_modules/jsdom/lib/jsdom/living/generated/EventListener.js:26:30)
        at innerInvokeEventListeners (/workspace/frontend/node_modules/jsdom/lib/jsdom/living/events/EventTarget-impl.js:350:25)
        at invokeEventListeners (/workspace/frontend/node_modules/jsdom/lib/jsdom/living/events/EventTarget-impl.js:286:3)
        at HTMLButtonElementImpl._dispatch (/workspace/frontend/node_modules/jsdom/lib/jsdom/living/events/EventTarget-impl.js:233:9)
        at HTMLButtonElementImpl.dispatchEvent (/workspace/frontend/node_modules/jsdom/lib/jsdom/living/events/EventTarget-impl.js:104:17)
        at HTMLButtonElement.dispatchEvent (/workspace/frontend/node_modules/jsdom/lib/jsdom/living/generated/EventTarget.js:241:34)
        at /workspace/frontend/node_modules/@testing-library/dom/dist/events.js:19:20
        at /workspace/frontend/node_modules/@testing-library/react/dist/pure.js:108:16
        at /workspace/frontend/node_modules/@testing-library/react/dist/act-compat.js:48:24
        at act (/workspace/frontend/node_modules/react/cjs/react.development.js:2512:16)
        at /workspace/frontend/node_modules/@testing-library/react/dist/act-compat.js:47:25
        at Object.eventWrapper (/workspace/frontend/node_modules/@testing-library/react/dist/pure.js:107:28)
        at fireEvent (/workspace/frontend/node_modules/@testing-library/dom/dist/events.js:12:35)
        at Function.fireEvent.<computed> [as click] (/workspace/frontend/node_modules/@testing-library/dom/dist/events.js:110:36)
        at Function.fireEvent.<computed> [as click] (/workspace/frontend/node_modules/@testing-library/react/dist/fire-event.js:15:52)
        at click (/workspace/frontend/src/__tests__/AppClipping.test.jsx:692:17)
        at runWithExpensiveErrorDiagnosticsDisabled (/workspace/frontend/node_modules/@testing-library/dom/dist/config.js:47:12)
        at checkCallback (/workspace/frontend/node_modules/@testing-library/dom/dist/wait-for.js:124:77)
        at /workspace/frontend/node_modules/@testing-library/dom/dist/wait-for.js:97:7
        at new Promise (<anonymous>)
        at waitFor (/workspace/frontend/node_modules/@testing-library/dom/dist/wait-for.js:36:10)
        at /workspace/frontend/node_modules/@testing-library/dom/dist/wait-for.js:164:54
        at Object.asyncWrapper (/workspace/frontend/node_modules/@testing-library/react/dist/pure.js:88:28)
        at waitForWrapper (/workspace/frontend/node_modules/@testing-library/dom/dist/wait-for.js:164:35)
        at Object.<anonymous> (/workspace/frontend/src/__tests__/AppClipping.test.jsx:691:18)

      1278 |                           }
      1279 |                         } catch (error) {
    > 1280 |                           console.error('Error saving recipe:', error);
           |                                   ^
      1281 |                           alert('Failed to save recipe. Please try again.');
      1282 |                         } finally {
      1283 |                           setIsSavingRecipe(false);

      at error (src/App.jsx:1280:35)
      at HTMLUnknownElement.callCallback (node_modules/react-dom/cjs/react-dom.development.js:4164:14)
      at HTMLUnknownElement.callTheUserObjectsOperation (node_modules/jsdom/lib/jsdom/living/generated/EventListener.js:26:30)
      at innerInvokeEventListeners (node_modules/jsdom/lib/jsdom/living/events/EventTarget-impl.js:350:25)
      at invokeEventListeners (node_modules/jsdom/lib/jsdom/living/events/EventTarget-impl.js:286:3)
      at HTMLUnknownElementImpl._dispatch (node_modules/jsdom/lib/jsdom/living/events/EventTarget-impl.js:233:9)
      at HTMLUnknownElementImpl.dispatchEvent (node_modules/jsdom/lib/jsdom/living/events/EventTarget-impl.js:104:17)
      at HTMLUnknownElement.dispatchEvent (node_modules/jsdom/lib/jsdom/living/generated/EventTarget.js:241:34)
      at Object.invokeGuardedCallbackDev (node_modules/react-dom/cjs/react-dom.development.js:4213:16)
      at invokeGuardedCallback (node_modules/react-dom/cjs/react-dom.development.js:4277:31)
      at invokeGuardedCallbackAndCatchFirstError (node_modules/react-dom/cjs/react-dom.development.js:4291:25)
      at executeDispatch (node_modules/react-dom/cjs/react-dom.development.js:9041:3)
      at processDispatchQueueItemsInOrder (node_modules/react-dom/cjs/react-dom.development.js:9073:7)
      at processDispatchQueue (node_modules/react-dom/cjs/react-dom.development.js:9086:5)
      at dispatchEventsForPlugins (node_modules/react-dom/cjs/react-dom.development.js:9097:3)
      at node_modules/react-dom/cjs/react-dom.development.js:9288:12
      at batchedUpdates$1 (node_modules/react-dom/cjs/react-dom.development.js:26179:12)
      at batchedUpdates (node_modules/react-dom/cjs/react-dom.development.js:3991:12)
      at dispatchEventForPluginEventSystem (node_modules/react-dom/cjs/react-dom.development.js:9287:3)
      at dispatchEventWithEnableCapturePhaseSelectiveHydrationWithoutDiscreteEventReplay (node_modules/react-dom/cjs/react-dom.development.js:6465:5)
      at dispatchEvent (node_modules/react-dom/cjs/react-dom.development.js:6457:5)
      at dispatchDiscreteEvent (node_modules/react-dom/cjs/react-dom.development.js:6430:5)
      at HTMLDivElement.callTheUserObjectsOperation (node_modules/jsdom/lib/jsdom/living/generated/EventListener.js:26:30)
      at innerInvokeEventListeners (node_modules/jsdom/lib/jsdom/living/events/EventTarget-impl.js:350:25)
      at invokeEventListeners (node_modules/jsdom/lib/jsdom/living/events/EventTarget-impl.js:286:3)
      at HTMLButtonElementImpl._dispatch (node_modules/jsdom/lib/jsdom/living/events/EventTarget-impl.js:233:9)
      at HTMLButtonElementImpl.dispatchEvent (node_modules/jsdom/lib/jsdom/living/events/EventTarget-impl.js:104:17)
      at HTMLButtonElement.dispatchEvent (node_modules/jsdom/lib/jsdom/living/generated/EventTarget.js:241:34)
      at node_modules/@testing-library/dom/dist/events.js:19:20
      at node_modules/@testing-library/react/dist/pure.js:108:16
      at node_modules/@testing-library/react/dist/act-compat.js:48:24
      at act (node_modules/react/cjs/react.development.js:2512:16)
      at node_modules/@testing-library/react/dist/act-compat.js:47:25
      at Object.eventWrapper (node_modules/@testing-library/react/dist/pure.js:107:28)
      at fireEvent (node_modules/@testing-library/dom/dist/events.js:12:35)
      at Function.fireEvent.<computed> [as click] (node_modules/@testing-library/dom/dist/events.js:110:36)
      at Function.fireEvent.<computed> [as click] (node_modules/@testing-library/react/dist/fire-event.js:15:52)
      at click (src/__tests__/AppClipping.test.jsx:692:17)
      at runWithExpensiveErrorDiagnosticsDisabled (node_modules/@testing-library/dom/dist/config.js:47:12)
      at checkCallback (node_modules/@testing-library/dom/dist/wait-for.js:124:77)
      at node_modules/@testing-library/dom/dist/wait-for.js:97:7
      at waitFor (node_modules/@testing-library/dom/dist/wait-for.js:36:10)
      at node_modules/@testing-library/dom/dist/wait-for.js:164:54
      at Object.asyncWrapper (node_modules/@testing-library/react/dist/pure.js:88:28)
      at waitForWrapper (node_modules/@testing-library/dom/dist/wait-for.js:164:35)
      at Object.<anonymous> (src/__tests__/AppClipping.test.jsx:691:18)

